// Jest Snapshot v1, https://goo.gl/fbAQLP

exports[`CheckBoxGroup custom theme 1`] = `
<div
  class="StyledGrommet-sc-19lkkz7-0 djOnwZ"
>
  <div
    class="StyledBox-sc-13pk1d4-0 ftUyAh StyledCheckBoxGroup-sc-2nhc5d-0"
    role="group"
  >
    <label
      class="StyledCheckBox__StyledCheckBoxContainer-sc-1dbk5ju-1 cBQiTh"
    >
      <div
        class="StyledBox-sc-13pk1d4-0 jbIyUK StyledCheckBox-sc-1dbk5ju-6 hOFfoi"
      >
        <input
          class="StyledCheckBox__StyledCheckBoxInput-sc-1dbk5ju-2 fYuA-Ds"
          type="checkbox"
        />
        <div
          class="StyledBox-sc-13pk1d4-0 jYPXhZ StyledCheckBox__StyledCheckBoxBox-sc-1dbk5ju-3 kRWCTA"
        />
      </div>
      <span>
        first-label
      </span>
    </label>
    <div
      class="StyledBox__StyledBoxGap-sc-13pk1d4-1 dLcqZl"
    />
    <label
      class="StyledCheckBox__StyledCheckBoxContainer-sc-1dbk5ju-1 cBQiTh"
    >
      <div
        class="StyledBox-sc-13pk1d4-0 jbIyUK StyledCheckBox-sc-1dbk5ju-6 hOFfoi"
      >
        <input
          class="StyledCheckBox__StyledCheckBoxInput-sc-1dbk5ju-2 fYuA-Ds"
          type="checkbox"
        />
        <div
          class="StyledBox-sc-13pk1d4-0 jYPXhZ StyledCheckBox__StyledCheckBoxBox-sc-1dbk5ju-3 kRWCTA"
        />
      </div>
      <span>
        second-label
      </span>
    </label>
  </div>
</div>
`;

exports[`CheckBoxGroup disabled renders 1`] = `
<div
  className="StyledMnetUIBase-sc-17lh5y2-0 HlCER"
>
  <div
    className="StyledBox-sc-13pk1d4-0 dYebPD StyledCheckBoxGroup-sc-2nhc5d-0"
    role="group"
  >
    <label
      checked={false}
      className="StyledCheckBox__StyledCheckBoxContainer-sc-1dbk5ju-1 hQyqlg"
      disabled={true}
      onClick={[Function]}
      onMouseEnter={[Function]}
      onMouseLeave={[Function]}
      onMouseOut={[Function]}
      onMouseOver={[Function]}
    >
      <div
        checked={false}
        className="StyledBox-sc-1etxkdl-0 cTUKhN StyledCheckBox-sc-14qttcc-6 bJyswm"
        disabled={true}
      >
        <input
          checked={false}
          className="StyledCheckBox__StyledCheckBoxInput-sc-14qttcc-2 elOUXs"
          disabled={true}
          onBlur={[Function]}
          onChange={[Function]}
          onFocus={[Function]}
          type="checkbox"
        />
        <div
          checked={false}
          className="StyledBox-sc-1etxkdl-0 bWiKvX StyledCheckBox__StyledCheckBoxBox-sc-14qttcc-3 fHlFPM"
          disabled={true}
        />
      </div>
      <span>
        First
      </span>
    </label>
    <div
      className="StyledBox__StyledBoxGap-sc-1etxkdl-1 aFFTJ"
    />
    <label
      checked={false}
      className="StyledCheckBox__StyledCheckBoxContainer-sc-1dbk5ju-1 hQyqlg"
      disabled={true}
      onClick={[Function]}
      onMouseEnter={[Function]}
      onMouseLeave={[Function]}
      onMouseOut={[Function]}
      onMouseOver={[Function]}
    >
      <div
        checked={false}
        className="StyledBox-sc-1etxkdl-0 cTUKhN StyledCheckBox-sc-14qttcc-6 bJyswm"
        disabled={true}
      >
        <input
          checked={false}
          className="StyledCheckBox__StyledCheckBoxInput-sc-14qttcc-2 elOUXs"
          disabled={true}
          onBlur={[Function]}
          onChange={[Function]}
          onFocus={[Function]}
          type="checkbox"
        />
        <div
          checked={false}
          className="StyledBox-sc-1etxkdl-0 bWiKvX StyledCheckBox__StyledCheckBoxBox-sc-14qttcc-3 fHlFPM"
          disabled={true}
        />
      </div>
      <span>
        Second
      </span>
    </label>
  </div>
  <div
    className="StyledBox-sc-13pk1d4-0 dYebPD StyledCheckBoxGroup-sc-2nhc5d-0"
    role="group"
  >
    <label
      checked={false}
      className="StyledCheckBox__StyledCheckBoxContainer-sc-1dbk5ju-1 hQyqlg"
      disabled={true}
      onClick={[Function]}
      onMouseEnter={[Function]}
      onMouseLeave={[Function]}
      onMouseOut={[Function]}
      onMouseOver={[Function]}
    >
      <div
        checked={false}
        className="StyledBox-sc-1etxkdl-0 cTUKhN StyledCheckBox-sc-14qttcc-6 bJyswm"
        disabled={true}
      >
        <input
          checked={false}
          className="StyledCheckBox__StyledCheckBoxInput-sc-14qttcc-2 elOUXs"
          disabled={true}
          onBlur={[Function]}
          onChange={[Function]}
          onFocus={[Function]}
          type="checkbox"
        />
        <div
          checked={false}
          className="StyledBox-sc-1etxkdl-0 bWiKvX StyledCheckBox__StyledCheckBoxBox-sc-14qttcc-3 fHlFPM"
          disabled={true}
        />
      </div>
      <span>
        First
      </span>
    </label>
  </div>
  <div
    className="StyledBox-sc-13pk1d4-0 dYebPD StyledCheckBoxGroup-sc-2nhc5d-0"
    role="group"
  >
    <label
      checked={false}
      className="StyledCheckBox__StyledCheckBoxContainer-sc-1dbk5ju-1 hQyqlg"
      disabled={true}
      onClick={[Function]}
      onMouseEnter={[Function]}
      onMouseLeave={[Function]}
      onMouseOut={[Function]}
      onMouseOver={[Function]}
    >
      <div
        checked={false}
        className="StyledBox-sc-1etxkdl-0 cTUKhN StyledCheckBox-sc-14qttcc-6 bJyswm"
        disabled={true}
      >
        <input
          checked={false}
          className="StyledCheckBox__StyledCheckBoxInput-sc-14qttcc-2 elOUXs"
          disabled={true}
          onBlur={[Function]}
          onChange={[Function]}
          onFocus={[Function]}
          type="checkbox"
        />
        <div
          checked={false}
          className="StyledBox-sc-1etxkdl-0 bWiKvX StyledCheckBox__StyledCheckBoxBox-sc-14qttcc-3 fHlFPM"
          disabled={true}
        />
      </div>
      <span>
        First
      </span>
    </label>
  </div>
</div>
`;

exports[`CheckBoxGroup initial value renders 1`] = `
<div
  className="StyledMnetUIBase-sc-17lh5y2-0 HlCER"
>
  <div
    className="StyledBox-sc-13pk1d4-0 dYebPD StyledCheckBoxGroup-sc-2nhc5d-0"
    role="group"
  >
    <label
      checked={false}
      className="StyledCheckBox__StyledCheckBoxContainer-sc-1dbk5ju-1 cBQiTh"
      onClick={[Function]}
      onMouseEnter={[Function]}
      onMouseLeave={[Function]}
      onMouseOut={[Function]}
      onMouseOver={[Function]}
    >
      <div
        checked={false}
        className="StyledBox-sc-1etxkdl-0 cTUKhN StyledCheckBox-sc-14qttcc-6 bJyswm"
      >
        <input
          checked={false}
          className="StyledCheckBox__StyledCheckBoxInput-sc-14qttcc-2 frRBfI"
          onBlur={[Function]}
          onChange={[Function]}
          onFocus={[Function]}
          type="checkbox"
        />
        <div
          checked={false}
          className="StyledBox-sc-1etxkdl-0 bWiKvX StyledCheckBox__StyledCheckBoxBox-sc-14qttcc-3 fHlFPM"
        />
      </div>
      <span>
        Maui
      </span>
    </label>
    <div
      className="StyledBox__StyledBoxGap-sc-1etxkdl-1 aFFTJ"
    />
    <label
      checked={true}
      className="StyledCheckBox__StyledCheckBoxContainer-sc-1dbk5ju-1 cBQiTh"
      onClick={[Function]}
      onMouseEnter={[Function]}
      onMouseLeave={[Function]}
      onMouseOut={[Function]}
      onMouseOver={[Function]}
    >
      <div
        checked={true}
        className="StyledBox-sc-1etxkdl-0 cTUKhN StyledCheckBox-sc-14qttcc-6 bJyswm"
      >
        <input
          checked={true}
          className="StyledCheckBox__StyledCheckBoxInput-sc-14qttcc-2 frRBfI"
          onBlur={[Function]}
          onChange={[Function]}
          onFocus={[Function]}
          type="checkbox"
        />
        <div
          checked={true}
          className="StyledBox-sc-1etxkdl-0 cxCeJz StyledCheckBox__StyledCheckBoxBox-sc-14qttcc-3 fHlFPM"
        >
          <svg
            checked={true}
            className="StyledCheckBox__StyledCheckBoxIcon-sc-14qttcc-0 ia-dhfe"
            preserveAspectRatio="xMidYMid meet"
            viewBox="0 0 24 24"
          >
            <path
              d="M6,11.3 L10.3,16 L18,6.2"
              fill="none"
            />
          </svg>
        </div>
      </div>
      <span>
        Jerusalem
      </span>
    </label>
    <div
      className="StyledBox__StyledBoxGap-sc-1etxkdl-1 aFFTJ"
    />
    <label
      checked={true}
      className="StyledCheckBox__StyledCheckBoxContainer-sc-1dbk5ju-1 cBQiTh"
      onClick={[Function]}
      onMouseEnter={[Function]}
      onMouseLeave={[Function]}
      onMouseOut={[Function]}
      onMouseOver={[Function]}
    >
      <div
        checked={true}
        className="StyledBox-sc-1etxkdl-0 cTUKhN StyledCheckBox-sc-14qttcc-6 bJyswm"
      >
        <input
          checked={true}
          className="StyledCheckBox__StyledCheckBoxInput-sc-14qttcc-2 frRBfI"
          onBlur={[Function]}
          onChange={[Function]}
          onFocus={[Function]}
          type="checkbox"
        />
        <div
          checked={true}
          className="StyledBox-sc-1etxkdl-0 cxCeJz StyledCheckBox__StyledCheckBoxBox-sc-14qttcc-3 fHlFPM"
        >
          <svg
            checked={true}
            className="StyledCheckBox__StyledCheckBoxIcon-sc-14qttcc-0 ia-dhfe"
            preserveAspectRatio="xMidYMid meet"
            viewBox="0 0 24 24"
          >
            <path
              d="M6,11.3 L10.3,16 L18,6.2"
              fill="none"
            />
          </svg>
        </div>
      </div>
      <span>
        Wuhan
      </span>
    </label>
  </div>
</div>
`;

exports[`CheckBoxGroup labelKey 1`] = `
<div
  class="StyledGrommet-sc-19lkkz7-0 djOnwZ"
>
  <div
    class="StyledBox-sc-13pk1d4-0 dYebPD StyledCheckBoxGroup-sc-2nhc5d-0"
    role="group"
  >
    <label
      class="StyledCheckBox__StyledCheckBoxContainer-sc-1dbk5ju-1 cBQiTh"
    >
      <div
        class="StyledBox-sc-13pk1d4-0 jbIyUK StyledCheckBox-sc-1dbk5ju-6 hOFfoi"
      >
        <input
          class="StyledCheckBox__StyledCheckBoxInput-sc-1dbk5ju-2 fYuA-Ds"
          type="checkbox"
        />
        <div
          class="StyledBox-sc-13pk1d4-0 jYPXhZ StyledCheckBox__StyledCheckBoxBox-sc-1dbk5ju-3 kRWCTA"
        />
      </div>
      <span>
        first-label
      </span>
    </label>
    <div
      class="StyledBox__StyledBoxGap-sc-13pk1d4-1 ggstca"
    />
    <label
      class="StyledCheckBox__StyledCheckBoxContainer-sc-1dbk5ju-1 cBQiTh"
    >
      <div
        class="StyledBox-sc-13pk1d4-0 jbIyUK StyledCheckBox-sc-1dbk5ju-6 hOFfoi"
      >
        <input
          class="StyledCheckBox__StyledCheckBoxInput-sc-1dbk5ju-2 fYuA-Ds"
          type="checkbox"
        />
        <div
          class="StyledBox-sc-13pk1d4-0 jYPXhZ StyledCheckBox__StyledCheckBoxBox-sc-1dbk5ju-3 kRWCTA"
        />
      </div>
      <span>
        second-label
      </span>
    </label>
  </div>
</div>
`;

exports[`CheckBoxGroup onChange 1`] = `
<div
  class="StyledGrommet-sc-19lkkz7-0 djOnwZ"
>
  <div
    class="StyledBox-sc-13pk1d4-0 dYebPD StyledCheckBoxGroup-sc-2nhc5d-0"
    role="group"
  >
    <label
      class="StyledCheckBox__StyledCheckBoxContainer-sc-1dbk5ju-1 cBQiTh"
    >
      <div
        class="StyledBox-sc-13pk1d4-0 jbIyUK StyledCheckBox-sc-1dbk5ju-6 hOFfoi"
      >
        <input
          class="StyledCheckBox__StyledCheckBoxInput-sc-1dbk5ju-2 fYuA-Ds"
          type="checkbox"
        />
        <div
          class="StyledBox-sc-13pk1d4-0 icgjqF StyledCheckBox__StyledCheckBoxBox-sc-1dbk5ju-3 kRWCTA"
        >
          <svg
            class="StyledCheckBox__StyledCheckBoxIcon-sc-1dbk5ju-0 uDaMI"
            preserveAspectRatio="xMidYMid meet"
            viewBox="0 0 24 24"
          >
            <path
              d="M6,11.3 L10.3,16 L18,6.2"
              fill="none"
            />
          </svg>
        </div>
      </div>
      <span>
        first-label
      </span>
    </label>
    <div
      class="StyledBox__StyledBoxGap-sc-13pk1d4-1 ggstca"
    />
    <label
      class="StyledCheckBox__StyledCheckBoxContainer-sc-1dbk5ju-1 cBQiTh"
    >
      <div
        class="StyledBox-sc-13pk1d4-0 jbIyUK StyledCheckBox-sc-1dbk5ju-6 hOFfoi"
      >
        <input
          class="StyledCheckBox__StyledCheckBoxInput-sc-1dbk5ju-2 fYuA-Ds"
          type="checkbox"
        />
        <div
          class="StyledBox-sc-13pk1d4-0 jYPXhZ StyledCheckBox__StyledCheckBoxBox-sc-1dbk5ju-3 kRWCTA"
        />
      </div>
      <span>
        second-label
      </span>
    </label>
  </div>
</div>
`;

exports[`CheckBoxGroup onClick for check and uncheck a CheckBox 1`] = `
<div
  class="StyledGrommet-sc-19lkkz7-0 djOnwZ"
>
  <div
    class="StyledBox-sc-13pk1d4-0 eBvFNX StyledCheckBoxGroup-sc-2nhc5d-0"
    role="group"
    tabindex="0"
  >
    <label
      class="StyledCheckBox__StyledCheckBoxContainer-sc-1dbk5ju-1 cBQiTh"
    >
      <div
        class="StyledBox-sc-13pk1d4-0 jbIyUK StyledCheckBox-sc-1dbk5ju-6 hOFfoi"
      >
        <input
          class="StyledCheckBox__StyledCheckBoxInput-sc-1dbk5ju-2 fYuA-Ds"
          type="checkbox"
        />
        <div
          class="StyledBox-sc-13pk1d4-0 icgjqF StyledCheckBox__StyledCheckBoxBox-sc-1dbk5ju-3 kRWCTA"
        >
          <svg
            class="StyledCheckBox__StyledCheckBoxIcon-sc-1dbk5ju-0 uDaMI"
            preserveAspectRatio="xMidYMid meet"
            viewBox="0 0 24 24"
          >
            <path
              d="M6,11.3 L10.3,16 L18,6.2"
              fill="none"
            />
          </svg>
        </div>
      </div>
      <span>
        first-label
      </span>
    </label>
    <div
      class="StyledBox__StyledBoxGap-sc-13pk1d4-1 ggstca"
    />
    <label
      class="StyledCheckBox__StyledCheckBoxContainer-sc-1dbk5ju-1 cBQiTh"
    >
      <div
        class="StyledBox-sc-13pk1d4-0 jbIyUK StyledCheckBox-sc-1dbk5ju-6 hOFfoi"
      >
        <input
          class="StyledCheckBox__StyledCheckBoxInput-sc-1dbk5ju-2 fYuA-Ds"
          type="checkbox"
        />
        <div
          class="StyledBox-sc-13pk1d4-0 jYPXhZ StyledCheckBox__StyledCheckBoxBox-sc-1dbk5ju-3 kRWCTA"
        />
      </div>
      <span>
        second-label
      </span>
    </label>
  </div>
</div>
`;

exports[`CheckBoxGroup onClick for check and uncheck a CheckBox 2`] = `
<div
  class="StyledGrommet-sc-19lkkz7-0 djOnwZ"
>
  <div
    class="StyledBox-sc-13pk1d4-0 eBvFNX StyledCheckBoxGroup-sc-2nhc5d-0"
    role="group"
    tabindex="0"
  >
    <label
      class="StyledCheckBox__StyledCheckBoxContainer-sc-1dbk5ju-1 cBQiTh"
    >
      <div
        class="StyledBox-sc-13pk1d4-0 jbIyUK StyledCheckBox-sc-1dbk5ju-6 hOFfoi"
      >
        <input
          class="StyledCheckBox__StyledCheckBoxInput-sc-1dbk5ju-2 fYuA-Ds"
          type="checkbox"
        />
        <div
          class="StyledBox-sc-13pk1d4-0 jYPXhZ StyledCheckBox__StyledCheckBoxBox-sc-1dbk5ju-3 kRWCTA"
        />
      </div>
      <span>
        first-label
      </span>
    </label>
    <div
      class="StyledBox__StyledBoxGap-sc-13pk1d4-1 ggstca"
    />
    <label
      class="StyledCheckBox__StyledCheckBoxContainer-sc-1dbk5ju-1 cBQiTh"
    >
      <div
        class="StyledBox-sc-13pk1d4-0 jbIyUK StyledCheckBox-sc-1dbk5ju-6 hOFfoi"
      >
        <input
          class="StyledCheckBox__StyledCheckBoxInput-sc-1dbk5ju-2 fYuA-Ds"
          type="checkbox"
        />
        <div
          class="StyledBox-sc-13pk1d4-0 jYPXhZ StyledCheckBox__StyledCheckBoxBox-sc-1dbk5ju-3 kRWCTA"
        />
      </div>
      <span>
        second-label
      </span>
    </label>
  </div>
</div>
`;

exports[`CheckBoxGroup options renders 1`] = `
<div
  className="StyledMnetUIBase-sc-17lh5y2-0 HlCER"
>
  <div
    className="StyledBox-sc-13pk1d4-0 dYebPD StyledCheckBoxGroup-sc-2nhc5d-0"
    role="group"
  >
    <label
      checked={false}
      className="StyledCheckBox__StyledCheckBoxContainer-sc-1dbk5ju-1 cBQiTh"
      onClick={[Function]}
      onMouseEnter={[Function]}
      onMouseLeave={[Function]}
      onMouseOut={[Function]}
      onMouseOver={[Function]}
    >
      <div
        checked={false}
        className="StyledBox-sc-1etxkdl-0 cTUKhN StyledCheckBox-sc-14qttcc-6 bJyswm"
      >
        <input
          checked={false}
          className="StyledCheckBox__StyledCheckBoxInput-sc-14qttcc-2 frRBfI"
          onBlur={[Function]}
          onChange={[Function]}
          onFocus={[Function]}
          type="checkbox"
        />
        <div
          checked={false}
          className="StyledBox-sc-1etxkdl-0 bWiKvX StyledCheckBox__StyledCheckBoxBox-sc-14qttcc-3 fHlFPM"
        />
      </div>
      <span>
        First
      </span>
    </label>
    <div
      className="StyledBox__StyledBoxGap-sc-1etxkdl-1 aFFTJ"
    />
    <label
      checked={false}
      className="StyledCheckBox__StyledCheckBoxContainer-sc-1dbk5ju-1 cBQiTh"
      onClick={[Function]}
      onMouseEnter={[Function]}
      onMouseLeave={[Function]}
      onMouseOut={[Function]}
      onMouseOver={[Function]}
    >
      <div
        checked={false}
        className="StyledBox-sc-1etxkdl-0 cTUKhN StyledCheckBox-sc-14qttcc-6 bJyswm"
      >
        <input
          checked={false}
          className="StyledCheckBox__StyledCheckBoxInput-sc-14qttcc-2 frRBfI"
          onBlur={[Function]}
          onChange={[Function]}
          onFocus={[Function]}
          type="checkbox"
        />
        <div
          checked={false}
          className="StyledBox-sc-1etxkdl-0 bWiKvX StyledCheckBox__StyledCheckBoxBox-sc-14qttcc-3 fHlFPM"
        />
      </div>
      <span>
        Second
      </span>
    </label>
  </div>
</div>
`;

exports[`CheckBoxGroup value renders 1`] = `
<div
  className="StyledMnetUIBase-sc-17lh5y2-0 HlCER"
>
  <div
    className="StyledBox-sc-13pk1d4-0 dYebPD StyledCheckBoxGroup-sc-2nhc5d-0"
    role="group"
  >
    <label
      checked={true}
      className="StyledCheckBox__StyledCheckBoxContainer-sc-1dbk5ju-1 cBQiTh"
      onClick={[Function]}
      onMouseEnter={[Function]}
      onMouseLeave={[Function]}
      onMouseOut={[Function]}
      onMouseOver={[Function]}
    >
      <div
        checked={true}
        className="StyledBox-sc-1etxkdl-0 cTUKhN StyledCheckBox-sc-14qttcc-6 bJyswm"
      >
        <input
          checked={true}
          className="StyledCheckBox__StyledCheckBoxInput-sc-14qttcc-2 frRBfI"
          onBlur={[Function]}
          onChange={[Function]}
          onFocus={[Function]}
          type="checkbox"
        />
        <div
          checked={true}
          className="StyledBox-sc-1etxkdl-0 cxCeJz StyledCheckBox__StyledCheckBoxBox-sc-14qttcc-3 fHlFPM"
        >
          <svg
            checked={true}
            className="StyledCheckBox__StyledCheckBoxIcon-sc-14qttcc-0 ia-dhfe"
            preserveAspectRatio="xMidYMid meet"
            viewBox="0 0 24 24"
          >
            <path
              d="M6,11.3 L10.3,16 L18,6.2"
              fill="none"
            />
          </svg>
        </div>
      </div>
      <span>
        First
      </span>
    </label>
    <div
      className="StyledBox__StyledBoxGap-sc-1etxkdl-1 aFFTJ"
    />
    <label
      checked={false}
      className="StyledCheckBox__StyledCheckBoxContainer-sc-1dbk5ju-1 cBQiTh"
      onClick={[Function]}
      onMouseEnter={[Function]}
      onMouseLeave={[Function]}
      onMouseOut={[Function]}
      onMouseOver={[Function]}
    >
      <div
        checked={false}
        className="StyledBox-sc-1etxkdl-0 cTUKhN StyledCheckBox-sc-14qttcc-6 bJyswm"
      >
        <input
          checked={false}
          className="StyledCheckBox__StyledCheckBoxInput-sc-14qttcc-2 frRBfI"
          onBlur={[Function]}
          onChange={[Function]}
          onFocus={[Function]}
          type="checkbox"
        />
        <div
          checked={false}
          className="StyledBox-sc-1etxkdl-0 bWiKvX StyledCheckBox__StyledCheckBoxBox-sc-14qttcc-3 fHlFPM"
        />
      </div>
      <span>
        Second
      </span>
    </label>
  </div>
</div>
`;

exports[`CheckBoxGroup valueKey 1`] = `
<div
  class="StyledGrommet-sc-19lkkz7-0 djOnwZ"
>
  <div
    class="StyledBox-sc-13pk1d4-0 dYebPD StyledCheckBoxGroup-sc-2nhc5d-0"
    role="group"
  >
    <label
      class="StyledCheckBox__StyledCheckBoxContainer-sc-1dbk5ju-1 cBQiTh"
    >
      <div
        class="StyledBox-sc-13pk1d4-0 jbIyUK StyledCheckBox-sc-1dbk5ju-6 hOFfoi"
      >
        <input
          class="StyledCheckBox__StyledCheckBoxInput-sc-1dbk5ju-2 fYuA-Ds"
          type="checkbox"
        />
        <div
          class="StyledBox-sc-13pk1d4-0 jYPXhZ StyledCheckBox__StyledCheckBoxBox-sc-1dbk5ju-3 kRWCTA"
        />
      </div>
      <span>
        first-label
      </span>
    </label>
    <div
      class="StyledBox__StyledBoxGap-sc-13pk1d4-1 ggstca"
    />
    <label
      class="StyledCheckBox__StyledCheckBoxContainer-sc-1dbk5ju-1 cBQiTh"
    >
      <div
        class="StyledBox-sc-13pk1d4-0 jbIyUK StyledCheckBox-sc-1dbk5ju-6 hOFfoi"
      >
        <input
          class="StyledCheckBox__StyledCheckBoxInput-sc-1dbk5ju-2 fYuA-Ds"
          type="checkbox"
        />
        <div
          class="StyledBox-sc-13pk1d4-0 jYPXhZ StyledCheckBox__StyledCheckBoxBox-sc-1dbk5ju-3 kRWCTA"
        />
      </div>
      <span>
        second-label
      </span>
    </label>
  </div>
</div>
`;
