// Jest Snapshot v1, https://goo.gl/fbAQLP

exports[`Anchor disabled renders 1`] = `
.c0 {
  font-size: 12px;
  line-height: 16px;
  box-sizing: border-box;
  -webkit-text-size-adjust: 100%;
  -ms-text-size-adjust: 100%;
  -moz-osx-font-smoothing: grayscale;
  -webkit-font-smoothing: antialiased;
}

.c1 {
  box-sizing: border-box;
  font-size: inherit;
  line-height: inherit;
  color: #E15151;
  font-weight: 600;
  -webkit-text-decoration: none;
  text-decoration: none;
  cursor: pointer;
  opacity: 0.3;
  cursor: default;
  -webkit-text-decoration: none;
  text-decoration: none;
}

<div>
  <div
    class="c0"
  >
    <a
      class="c1"
      disabled=""
    />
  </div>
</div>
`;

exports[`Anchor focus renders 1`] = `
.c0 {
  font-size: 12px;
  line-height: 16px;
  box-sizing: border-box;
  -webkit-text-size-adjust: 100%;
  -ms-text-size-adjust: 100%;
  -moz-osx-font-smoothing: grayscale;
  -webkit-font-smoothing: antialiased;
}

.c1 {
  box-sizing: border-box;
  font-size: inherit;
  line-height: inherit;
  color: #E15151;
  font-weight: 600;
  -webkit-text-decoration: none;
  text-decoration: none;
  cursor: pointer;
  outline: none;
  box-shadow: 0 0 2px 2px #B1C2FE;
}

.c1:hover {
  -webkit-text-decoration: underline;
  text-decoration: underline;
}

.c1 > circle,
.c1 > ellipse,
.c1 > line,
.c1 > path,
.c1 > polygon,
.c1 > polyline,
.c1 > rect {
  outline: none;
  box-shadow: 0 0 2px 2px #B1C2FE;
}

.c1::-moz-focus-inner {
  border: 0;
}

<div
  class="c0"
>
  <a
    class="c1"
    href="#"
  >
    Test
  </a>
</div>
`;

exports[`Anchor icon label renders 1`] = `
.c0 {
  font-size: 12px;
  line-height: 16px;
  box-sizing: border-box;
  -webkit-text-size-adjust: 100%;
  -ms-text-size-adjust: 100%;
  -moz-osx-font-smoothing: grayscale;
  -webkit-font-smoothing: antialiased;
}

.c2 {
  display: -webkit-box;
  display: -webkit-flex;
  display: -ms-flexbox;
  display: flex;
  box-sizing: border-box;
  max-width: 100%;
  -webkit-align-items: center;
  -webkit-box-align: center;
  -ms-flex-align: center;
  align-items: center;
  min-width: 0;
  min-height: 0;
  -webkit-flex-direction: row;
  -ms-flex-direction: row;
  flex-direction: row;
}

.c3 {
  -webkit-flex: 0 0 auto;
  -ms-flex: 0 0 auto;
  flex: 0 0 auto;
  -webkit-align-self: stretch;
  -ms-flex-item-align: stretch;
  align-self: stretch;
  width: 4px;
}

.c1 {
  box-sizing: border-box;
  font-size: inherit;
  line-height: inherit;
  color: #E15151;
  font-weight: 600;
  -webkit-text-decoration: none;
  text-decoration: none;
  cursor: pointer;
}

.c1:hover {
  -webkit-text-decoration: underline;
  text-decoration: underline;
}

<div>
  <div
    class="c0"
  >
    <a
      class="c1"
    >
      <span
        class="c2"
        style="display: inline-flex;"
      >
        <svg
          color="#7D4CDB"
        />
        <span
          class="c3"
        />
        Test
      </span>
    </a>
  </div>
</div>
`;

exports[`Anchor is clickable 1`] = `
.c0 {
  font-size: 12px;
  line-height: 16px;
  box-sizing: border-box;
  -webkit-text-size-adjust: 100%;
  -ms-text-size-adjust: 100%;
  -moz-osx-font-smoothing: grayscale;
  -webkit-font-smoothing: antialiased;
}

.c1 {
  box-sizing: border-box;
  font-size: inherit;
  line-height: inherit;
  color: #E15151;
  font-weight: 600;
  -webkit-text-decoration: none;
  text-decoration: none;
  cursor: pointer;
}

.c1:hover {
  -webkit-text-decoration: underline;
  text-decoration: underline;
}

<div
  class="c0"
>
  <a
    class="c1"
    href="#"
  >
    Test
  </a>
</div>
`;

exports[`Anchor primary renders 1`] = `
.c0 {
  font-size: 18px;
  line-height: 24px;
  box-sizing: border-box;
  -webkit-text-size-adjust: 100%;
  -ms-text-size-adjust: 100%;
  -moz-osx-font-smoothing: grayscale;
  -webkit-font-smoothing: antialiased;
}

.c1 {
  box-sizing: border-box;
  font-size: inherit;
  line-height: inherit;
  color: #7D4CDB;
  font-weight: 600;
  -webkit-text-decoration: none;
  text-decoration: none;
  cursor: pointer;
}

.c1:hover {
  -webkit-text-decoration: underline;
  text-decoration: underline;
}

<div>
  <div
    class="c0"
  >
    <a
      class="c1"
      href="#"
    >
      Test
    </a>
  </div>
</div>
`;

exports[`Anchor renders 1`] = `
.c0 {
  font-size: 12px;
  line-height: 16px;
  box-sizing: border-box;
  -webkit-text-size-adjust: 100%;
  -ms-text-size-adjust: 100%;
  -moz-osx-font-smoothing: grayscale;
  -webkit-font-smoothing: antialiased;
}

.c1 {
  box-sizing: border-box;
  font-size: inherit;
  line-height: inherit;
  color: #E15151;
  font-weight: 600;
  -webkit-text-decoration: none;
  text-decoration: none;
  cursor: pointer;
}

.c1:hover {
  -webkit-text-decoration: underline;
  text-decoration: underline;
}

<div>
  <div
    class="c0"
  >
    <a
      class="c1"
    />
  </div>
</div>
`;

exports[`Anchor renders tag 1`] = `
.c0 {
  font-size: 12px;
  line-height: 16px;
  box-sizing: border-box;
  -webkit-text-size-adjust: 100%;
  -ms-text-size-adjust: 100%;
  -moz-osx-font-smoothing: grayscale;
  -webkit-font-smoothing: antialiased;
}

.c1 {
  box-sizing: border-box;
  font-size: inherit;
  line-height: inherit;
  color: #E15151;
  font-weight: 600;
  -webkit-text-decoration: none;
  text-decoration: none;
  cursor: pointer;
}

.c1:hover {
  -webkit-text-decoration: underline;
  text-decoration: underline;
}

<div>
  <div
    class="c0"
  >
    <span
      class="c1"
      href="#"
    >
      Test
    </span>
  </div>
</div>
`;

exports[`Anchor renders with children 1`] = `
.c0 {
  font-size: 12px;
  line-height: 16px;
  box-sizing: border-box;
  -webkit-text-size-adjust: 100%;
  -ms-text-size-adjust: 100%;
  -moz-osx-font-smoothing: grayscale;
  -webkit-font-smoothing: antialiased;
}

.c1 {
  box-sizing: border-box;
  font-size: inherit;
  line-height: inherit;
  color: #E15151;
  font-weight: 600;
  -webkit-text-decoration: none;
  text-decoration: none;
  cursor: pointer;
}

.c1:hover {
  -webkit-text-decoration: underline;
  text-decoration: underline;
}

<div
  class="c0"
>
  <a
    class="c1"
    href="#"
  >
    children
  </a>
</div>
`;

exports[`Anchor reverse icon label renders 1`] = `
.c0 {
  font-size: 12px;
  line-height: 16px;
  box-sizing: border-box;
  -webkit-text-size-adjust: 100%;
  -ms-text-size-adjust: 100%;
  -moz-osx-font-smoothing: grayscale;
  -webkit-font-smoothing: antialiased;
}

.c2 {
  display: -webkit-box;
  display: -webkit-flex;
  display: -ms-flexbox;
  display: flex;
  box-sizing: border-box;
  max-width: 100%;
  -webkit-align-items: center;
  -webkit-box-align: center;
  -ms-flex-align: center;
  align-items: center;
  min-width: 0;
  min-height: 0;
  -webkit-flex-direction: row;
  -ms-flex-direction: row;
  flex-direction: row;
}

.c3 {
  -webkit-flex: 0 0 auto;
  -ms-flex: 0 0 auto;
  flex: 0 0 auto;
  -webkit-align-self: stretch;
  -ms-flex-item-align: stretch;
  align-self: stretch;
  width: 4px;
}

.c1 {
  box-sizing: border-box;
  font-size: inherit;
  line-height: inherit;
  color: #E15151;
  font-weight: 600;
  -webkit-text-decoration: none;
  text-decoration: none;
  cursor: pointer;
}

.c1:hover {
  -webkit-text-decoration: underline;
  text-decoration: underline;
}

<div>
  <div
    class="c0"
  >
    <a
      class="c1"
    >
      <span
        class="c2"
        style="display: inline-flex;"
      >
        Test
        <span
          class="c3"
        />
        <svg
          color="#7D4CDB"
        />
      </span>
    </a>
  </div>
</div>
`;

exports[`Anchor warns about invalid icon render 1`] = `
.c0 {
  font-size: 12px;
  line-height: 16px;
  box-sizing: border-box;
  -webkit-text-size-adjust: 100%;
  -ms-text-size-adjust: 100%;
  -moz-osx-font-smoothing: grayscale;
  -webkit-font-smoothing: antialiased;
}

.c1 {
  box-sizing: border-box;
  font-size: inherit;
  line-height: inherit;
  color: #E15151;
  font-weight: 600;
  -webkit-text-decoration: none;
  text-decoration: none;
  cursor: pointer;
  padding: 4px;
}

.c1:hover {
  -webkit-text-decoration: underline;
  text-decoration: underline;
}

<div>
  <div
    class="c0"
  >
    <a
      class="c1"
    >
      Link
    </a>
  </div>
</div>
`;

exports[`Anchor size renders 1`] = `
.c0 {
  font-size: 18px;
  line-height: 24px;
  box-sizing: border-box;
  -webkit-text-size-adjust: 100%;
  -ms-text-size-adjust: 100%;
  -moz-osx-font-smoothing: grayscale;
  -webkit-font-smoothing: antialiased;
}

.c1 {
  box-sizing: border-box;
  font-size: 12px;
  line-height: 18px;
  color: #7D4CDB;
  font-weight: 600;
  -webkit-text-decoration: none;
  text-decoration: none;
  cursor: pointer;
}

.c1:hover {
  -webkit-text-decoration: underline;
  text-decoration: underline;
}

.c2 {
  box-sizing: border-box;
  font-size: 14px;
  line-height: 20px;
  color: #7D4CDB;
  font-weight: 600;
  -webkit-text-decoration: none;
  text-decoration: none;
  cursor: pointer;
}

.c2:hover {
  -webkit-text-decoration: underline;
  text-decoration: underline;
}

.c3 {
  box-sizing: border-box;
  font-size: 18px;
  line-height: 24px;
  color: #7D4CDB;
  font-weight: 600;
  -webkit-text-decoration: none;
  text-decoration: none;
  cursor: pointer;
}

.c3:hover {
  -webkit-text-decoration: underline;
  text-decoration: underline;
}

.c4 {
  box-sizing: border-box;
  font-size: 22px;
  line-height: 28px;
  color: #7D4CDB;
  font-weight: 600;
  -webkit-text-decoration: none;
  text-decoration: none;
  cursor: pointer;
}

.c4:hover {
  -webkit-text-decoration: underline;
  text-decoration: underline;
}

.c5 {
  box-sizing: border-box;
  font-size: 26px;
  line-height: 32px;
  color: #7D4CDB;
  font-weight: 600;
  -webkit-text-decoration: none;
  text-decoration: none;
  cursor: pointer;
}

.c5:hover {
  -webkit-text-decoration: underline;
  text-decoration: underline;
}

.c6 {
  box-sizing: border-box;
  font-size: 34px;
  line-height: 40px;
  color: #7D4CDB;
  font-weight: 600;
  -webkit-text-decoration: none;
  text-decoration: none;
  cursor: pointer;
}

.c6:hover {
  -webkit-text-decoration: underline;
  text-decoration: underline;
}

.c7 {
  box-sizing: border-box;
  font-size: 10px;
  line-height: normal;
  color: #7D4CDB;
  font-weight: 600;
  -webkit-text-decoration: none;
  text-decoration: none;
  cursor: pointer;
}

.c7:hover {
  -webkit-text-decoration: underline;
  text-decoration: underline;
}

<div>
  <div
    class="c0"
  >
    <a
      class="c1"
    />
    <a
      class="c2"
    />
    <a
      class="c3"
    />
    <a
      class="c4"
    />
    <a
      class="c5"
    />
    <a
      class="c6"
    />
    <a
      class="c7"
    />
  </div>
</div>
`;

exports[`Anchor warns about invalid icon render 1`] = `
.c0 {
  font-size: 18px;
  line-height: 24px;
  box-sizing: border-box;
  -webkit-text-size-adjust: 100%;
  -ms-text-size-adjust: 100%;
  -moz-osx-font-smoothing: grayscale;
  -webkit-font-smoothing: antialiased;
}

.c1 {
  box-sizing: border-box;
  font-size: inherit;
  line-height: inherit;
  color: #7D4CDB;
  font-weight: 600;
  -webkit-text-decoration: none;
  text-decoration: none;
  cursor: pointer;
  padding: 12px;
}

.c1:hover {
  -webkit-text-decoration: underline;
  text-decoration: underline;
}

<div
  class="c0"
>
  <a
    class="c1"
    href="#"
  >
    <svg
      color="#E15151"
    />
  </a>
</div>
`;

exports[`Anchor warns about invalid label render 1`] = `
.c0 {
  font-size: 12px;
  line-height: 16px;
  box-sizing: border-box;
  -webkit-text-size-adjust: 100%;
  -ms-text-size-adjust: 100%;
  -moz-osx-font-smoothing: grayscale;
  -webkit-font-smoothing: antialiased;
}

.c1 {
  box-sizing: border-box;
  font-size: inherit;
  line-height: inherit;
  color: #E15151;
  font-weight: 600;
  -webkit-text-decoration: none;
  text-decoration: none;
  cursor: pointer;
}

.c1:hover {
  -webkit-text-decoration: underline;
  text-decoration: underline;
}

<div
  class="c0"
>
  <a
    class="c1"
    href="#"
  >
    Test
  </a>
</div>
`;

exports[`Anchor weight renders 1`] = `
.c0 {
  font-size: 18px;
  line-height: 24px;
  box-sizing: border-box;
  -webkit-text-size-adjust: 100%;
  -ms-text-size-adjust: 100%;
  -moz-osx-font-smoothing: grayscale;
  -webkit-font-smoothing: antialiased;
}

.c1 {
  box-sizing: border-box;
  font-size: inherit;
  line-height: inherit;
  color: #7D4CDB;
  font-weight: normal;
  -webkit-text-decoration: none;
  text-decoration: none;
  cursor: pointer;
}

.c1:hover {
  -webkit-text-decoration: underline;
  text-decoration: underline;
}

.c2 {
  box-sizing: border-box;
  font-size: inherit;
  line-height: inherit;
  color: #7D4CDB;
  font-weight: bold;
  -webkit-text-decoration: none;
  text-decoration: none;
  cursor: pointer;
}

.c2:hover {
  -webkit-text-decoration: underline;
  text-decoration: underline;
}

.c3 {
  box-sizing: border-box;
  font-size: inherit;
  line-height: inherit;
  color: #7D4CDB;
  font-weight: 500;
  -webkit-text-decoration: none;
  text-decoration: none;
  cursor: pointer;
}

.c3:hover {
  -webkit-text-decoration: underline;
  text-decoration: underline;
}

<div>
  <div
    class="c0"
  >
    <a
      class="c1"
      href="#"
    >
      Normal
    </a>
    <a
      class="c2"
      href="#"
    >
      Bold
    </a>
    <a
      class="c3"
      href="#"
    >
      Bold
    </a>
  </div>
</div>
`;
