// Jest Snapshot v1, https://goo.gl/fbAQLP

exports[`Meter background 1`] = `
.c0 {
  font-size: 12px;
  line-height: 16px;
  box-sizing: border-box;
  -webkit-text-size-adjust: 100%;
  -ms-text-size-adjust: 100%;
  -moz-osx-font-smoothing: grayscale;
  -webkit-font-smoothing: antialiased;
}

.c1 {
  max-width: 100%;
  overflow: hidden;
}

.c1 path {
  -webkit-transition: stroke 0.3s,stroke-width 0.3s;
  transition: stroke 0.3s,stroke-width 0.3s;
}

<div
  className="c0"
>
  <svg
    className="c1"
    height={8}
    preserveAspectRatio="none"
    viewBox="0 0 256 8"
    width={256}
  >
    <path
      d="M 0,4 L 256,4"
      fill="none"
      stroke="#f5f6f8"
      strokeLinecap="square"
      strokeWidth={8}
    />
    <path
      d="M 0,4 L 51.2,4"
      fill="none"
      onMouseLeave={[Function]}
      onMouseOver={[Function]}
      stroke="#38C18B"
      strokeLinecap="butt"
      strokeWidth={8}
    />
  </svg>
  <svg
    className="c1"
    height={8}
    preserveAspectRatio="none"
    viewBox="0 0 256 8"
    width={256}
  >
    <path
      d="M 0,4 L 256,4"
      fill="none"
      stroke="#f5f6f8"
      strokeLinecap="square"
      strokeOpacity="0.4"
      strokeWidth={8}
    />
    <path
      d="M 0,4 L 51.2,4"
      fill="none"
      onMouseLeave={[Function]}
      onMouseOver={[Function]}
      stroke="#38C18B"
      strokeLinecap="butt"
      strokeWidth={8}
    />
  </svg>
  <svg
    className="c1"
    height={256}
    viewBox="0 0 256 256"
    width={256}
  >
    <circle
      cx={128}
      cy={128}
      fill="none"
      r={124}
      stroke="#f5f6f8"
      strokeLinecap="square"
      strokeWidth={8}
    />
    <path
      d="M 245.9310080206 89.6818926975 A 124.0000000000 124.0000000000 0 0 0 128.0000000000 4.0000000000"
      fill="none"
      onMouseLeave={[Function]}
      onMouseOver={[Function]}
      stroke="#38C18B"
      strokeLinecap="butt"
      strokeWidth={8}
    />
  </svg>
  <svg
    className="c1"
    height={256}
    viewBox="0 0 256 256"
    width={256}
  >
    <circle
      cx={128}
      cy={128}
      fill="none"
      r={124}
      stroke="#f5f6f8"
      strokeLinecap="square"
      strokeOpacity="0.4"
      strokeWidth={8}
    />
    <path
      d="M 245.9310080206 89.6818926975 A 124.0000000000 124.0000000000 0 0 0 128.0000000000 4.0000000000"
      fill="none"
      onMouseLeave={[Function]}
      onMouseOver={[Function]}
      stroke="#38C18B"
      strokeLinecap="butt"
      strokeWidth={8}
    />
  </svg>
  <svg
    className="c1"
    height={8}
    preserveAspectRatio="none"
    viewBox="0 0 256 8"
    width={256}
  >
    <path
      d="M 0,4 L 256,4"
      fill="none"
      stroke="#f5f6f8"
      strokeLinecap="square"
      strokeOpacity="0.2"
      strokeWidth={8}
    />
    <path
      d="M 0,4 L 51.2,4"
      fill="none"
      onMouseLeave={[Function]}
      onMouseOver={[Function]}
      stroke="#38C18B"
      strokeLinecap="butt"
      strokeWidth={8}
    />
  </svg>
</div>
`;

exports[`Meter basic 1`] = `
.c0 {
  font-size: 12px;
  line-height: 16px;
  box-sizing: border-box;
  -webkit-text-size-adjust: 100%;
  -ms-text-size-adjust: 100%;
  -moz-osx-font-smoothing: grayscale;
  -webkit-font-smoothing: antialiased;
}

.c1 {
  max-width: 100%;
  overflow: hidden;
}

.c1 path {
  -webkit-transition: stroke 0.3s,stroke-width 0.3s;
  transition: stroke 0.3s,stroke-width 0.3s;
}

<div
  className="c0"
>
  <svg
    className="c1"
    height={8}
    preserveAspectRatio="none"
    viewBox="0 0 256 8"
    width={256}
  >
    <path
      d="M 0,4 L 256,4"
      fill="none"
      stroke="#f6f6f8"
      strokeLinecap="square"
      strokeOpacity="0.4"
      strokeWidth={8}
    />
    <path
      d="M 0,4 L 51.2,4"
      fill="none"
      onMouseLeave={[Function]}
      onMouseOver={[Function]}
      stroke="#38C18B"
      strokeLinecap="butt"
      strokeWidth={8}
    />
  </svg>
</div>
`;

exports[`Meter default 1`] = `
.c0 {
  font-size: 12px;
  line-height: 16px;
  box-sizing: border-box;
  -webkit-text-size-adjust: 100%;
  -ms-text-size-adjust: 100%;
  -moz-osx-font-smoothing: grayscale;
  -webkit-font-smoothing: antialiased;
}

.c1 {
  max-width: 100%;
  overflow: hidden;
}

.c1 path {
  -webkit-transition: stroke 0.3s,stroke-width 0.3s;
  transition: stroke 0.3s,stroke-width 0.3s;
}

<div
  className="c0"
>
  <svg
    className="c1"
    height={8}
    preserveAspectRatio="none"
    viewBox="0 0 256 8"
    width={256}
  >
    <path
      d="M 0,4 L 256,4"
      fill="none"
      stroke="#f6f6f8"
      strokeLinecap="square"
      strokeOpacity="0.4"
      strokeWidth={8}
    />
  </svg>
</div>
`;

exports[`Meter many values 1`] = `
.c0 {
  font-size: 12px;
  line-height: 16px;
  box-sizing: border-box;
  -webkit-text-size-adjust: 100%;
  -ms-text-size-adjust: 100%;
  -moz-osx-font-smoothing: grayscale;
  -webkit-font-smoothing: antialiased;
}

.c1 {
  max-width: 100%;
  overflow: hidden;
}

.c1 path {
  -webkit-transition: stroke 0.3s,stroke-width 0.3s;
  transition: stroke 0.3s,stroke-width 0.3s;
}

<div
  className="c0"
>
  <svg
    className="c1"
    height={8}
    preserveAspectRatio="none"
    viewBox="0 0 256 8"
    width={256}
  >
    <path
      d="M 0,4 L 256,4"
      fill="none"
      stroke="#f6f6f8"
      strokeLinecap="square"
      strokeOpacity="0.4"
      strokeWidth={8}
    />
    <path
      d="M 224,4 L 256,4"
      fill="none"
      stroke="#38C18B"
      strokeLinecap="butt"
      strokeWidth={8}
    />
    <path
      d="M 192,4 L 224,4"
      fill="none"
      stroke="#519bff"
      strokeLinecap="butt"
      strokeWidth={8}
    />
    <path
      d="M 160,4 L 192,4"
      fill="none"
      stroke="#99742E"
      strokeLinecap="butt"
      strokeWidth={8}
    />
    <path
      d="M 128,4 L 160,4"
      fill="none"
      stroke="#00739D"
      strokeLinecap="butt"
      strokeWidth={8}
    />
    <path
      d="M 96,4 L 128,4"
      fill="none"
      stroke="#A2423D"
      strokeLinecap="butt"
      strokeWidth={8}
    />
    <path
      d="M 64,4 L 96,4"
      fill="none"
      stroke="#38C18B"
      strokeLinecap="butt"
      strokeWidth={8}
    />
    <path
      d="M 32,4 L 64,4"
      fill="none"
      stroke="#519bff"
      strokeLinecap="butt"
      strokeWidth={8}
    />
    <path
      d="M 0,4 L 32,4"
      fill="none"
      stroke="#99742E"
      strokeLinecap="butt"
      strokeWidth={8}
    />
  </svg>
</div>
`;

exports[`Meter round 1`] = `
.c0 {
  font-size: 12px;
  line-height: 16px;
  box-sizing: border-box;
  -webkit-text-size-adjust: 100%;
  -ms-text-size-adjust: 100%;
  -moz-osx-font-smoothing: grayscale;
  -webkit-font-smoothing: antialiased;
}

.c1 {
  max-width: 100%;
  overflow: hidden;
  border-radius: 8px;
}

.c1 path {
  -webkit-transition: stroke 0.3s,stroke-width 0.3s;
  transition: stroke 0.3s,stroke-width 0.3s;
}

.c2 {
  max-width: 100%;
  overflow: hidden;
}

.c2 path {
  -webkit-transition: stroke 0.3s,stroke-width 0.3s;
  transition: stroke 0.3s,stroke-width 0.3s;
}

<div
  className="c0"
>
  <svg
    className="c1"
    height={8}
    preserveAspectRatio="none"
    viewBox="0 0 256 8"
    width={256}
  >
    <path
      d="M 4,4 L 252,4"
      fill="none"
      stroke="#f6f6f8"
      strokeLinecap="round"
      strokeOpacity="0.4"
      strokeWidth={8}
    />
    <path
      d="M 4,4 L 53.6,4"
      fill="none"
      onMouseLeave={[Function]}
      onMouseOver={[Function]}
      stroke="#38C18B"
      strokeLinecap="round"
      strokeWidth={8}
    />
  </svg>
  <svg
    className="c2"
    height={256}
    viewBox="0 0 256 256"
    width={256}
  >
    <circle
      cx={128}
      cy={128}
      fill="none"
      r={124}
      stroke="#f6f6f8"
      strokeLinecap="round"
      strokeOpacity="0.4"
      strokeWidth={8}
    />
    <path
      d="M 245.9310080206 89.6818926975 A 124.0000000000 124.0000000000 0 0 0 128.0000000000 4.0000000000"
      fill="none"
      onMouseLeave={[Function]}
      onMouseOver={[Function]}
      stroke="#38C18B"
      strokeLinecap="round"
      strokeWidth={8}
    />
    <path
      d="M 245.9310080206 89.6818926975 A 124.0000000000 124.0000000000 0 0 0 245.5921332456 88.6542226058"
      fill="none"
      onMouseLeave={[Function]}
      onMouseOver={[Function]}
      stroke="#38C18B"
      strokeLinecap="round"
      strokeWidth={8}
    />
  </svg>
</div>
`;

exports[`Meter single 1`] = `
.c0 {
  font-size: 18px;
  line-height: 24px;
  box-sizing: border-box;
  -webkit-text-size-adjust: 100%;
  -ms-text-size-adjust: 100%;
  -moz-osx-font-smoothing: grayscale;
  -webkit-font-smoothing: antialiased;
}

.c1 {
  max-width: 100%;
  overflow: hidden;
}

.c1 path {
  -webkit-transition: stroke 0.3s,stroke-width 0.3s;
  transition: stroke 0.3s,stroke-width 0.3s;
}

<div
  className="c0"
>
  <svg
    className="c1"
    height={24}
    preserveAspectRatio="none"
    viewBox="0 0 384 24"
    width={384}
  >
    <path
      d="M 0,12 L 384,12"
      fill="none"
      stroke="#F2F2F2"
      strokeLinecap="square"
      strokeOpacity="0.4"
      strokeWidth={24}
    />
    <path
      d="M 0,12 L 96,12"
      fill="none"
      stroke="#6FFFB0"
      strokeLinecap="butt"
      strokeWidth={24}
    />
  </svg>
</div>
`;

exports[`Meter size 1`] = `
.c0 {
  font-size: 12px;
  line-height: 16px;
  box-sizing: border-box;
  -webkit-text-size-adjust: 100%;
  -ms-text-size-adjust: 100%;
  -moz-osx-font-smoothing: grayscale;
  -webkit-font-smoothing: antialiased;
}

.c1 {
  max-width: 100%;
  overflow: hidden;
}

.c1 path {
  -webkit-transition: stroke 0.3s,stroke-width 0.3s;
  transition: stroke 0.3s,stroke-width 0.3s;
}

<div
  className="c0"
>
  <svg
    className="c1"
    height={8}
    preserveAspectRatio="none"
    viewBox="0 0 64 8"
    width={64}
  >
    <path
      d="M 0,4 L 64,4"
      fill="none"
      stroke="#f6f6f8"
      strokeLinecap="square"
      strokeOpacity="0.4"
      strokeWidth={8}
    />
    <path
      d="M 0,4 L 12.8,4"
      fill="none"
      onMouseLeave={[Function]}
      onMouseOver={[Function]}
      stroke="#38C18B"
      strokeLinecap="butt"
      strokeWidth={8}
    />
  </svg>
  <svg
    className="c1"
    height={8}
    preserveAspectRatio="none"
    viewBox="0 0 128 8"
    width={128}
  >
    <path
      d="M 0,4 L 128,4"
      fill="none"
      stroke="#f6f6f8"
      strokeLinecap="square"
      strokeOpacity="0.4"
      strokeWidth={8}
    />
    <path
      d="M 0,4 L 25.6,4"
      fill="none"
      onMouseLeave={[Function]}
      onMouseOver={[Function]}
      stroke="#38C18B"
      strokeLinecap="butt"
      strokeWidth={8}
    />
  </svg>
  <svg
    className="c1"
    height={8}
    preserveAspectRatio="none"
    viewBox="0 0 256 8"
    width={256}
  >
    <path
      d="M 0,4 L 256,4"
      fill="none"
      stroke="#f6f6f8"
      strokeLinecap="square"
      strokeOpacity="0.4"
      strokeWidth={8}
    />
    <path
      d="M 0,4 L 51.2,4"
      fill="none"
      onMouseLeave={[Function]}
      onMouseOver={[Function]}
      stroke="#38C18B"
      strokeLinecap="butt"
      strokeWidth={8}
    />
  </svg>
  <svg
    className="c1"
    height={8}
    preserveAspectRatio="none"
    viewBox="0 0 512 8"
    width={512}
  >
    <path
      d="M 0,4 L 512,4"
      fill="none"
      stroke="#f6f6f8"
      strokeLinecap="square"
      strokeOpacity="0.4"
      strokeWidth={8}
    />
    <path
      d="M 0,4 L 102.4,4"
      fill="none"
      onMouseLeave={[Function]}
      onMouseOver={[Function]}
      stroke="#38C18B"
      strokeLinecap="butt"
      strokeWidth={8}
    />
  </svg>
  <svg
    className="c1"
    height={8}
    preserveAspectRatio="none"
    viewBox="0 0 768 8"
    width={768}
  >
    <path
      d="M 0,4 L 768,4"
      fill="none"
      stroke="#f6f6f8"
      strokeLinecap="square"
      strokeOpacity="0.4"
      strokeWidth={8}
    />
    <path
      d="M 0,4 L 153.6,4"
      fill="none"
      onMouseLeave={[Function]}
      onMouseOver={[Function]}
      stroke="#38C18B"
      strokeLinecap="butt"
      strokeWidth={8}
    />
  </svg>
  <svg
    className="c1"
    height={8}
    preserveAspectRatio="none"
    viewBox="0 0 24 8"
    width={24}
  >
    <path
      d="M 0,4 L 24,4"
      fill="none"
      stroke="#f6f6f8"
      strokeLinecap="square"
      strokeOpacity="0.4"
      strokeWidth={8}
    />
    <path
      d="M 0,4 L 4.8,4"
      fill="none"
      onMouseLeave={[Function]}
      onMouseOver={[Function]}
      stroke="#38C18B"
      strokeLinecap="butt"
      strokeWidth={8}
    />
  </svg>
  <svg
    className="c1"
    height={64}
    viewBox="0 0 64 64"
    width={64}
  >
    <circle
      cx={32}
      cy={32}
      fill="none"
      r={28}
      stroke="#f6f6f8"
      strokeLinecap="square"
      strokeOpacity="0.4"
      strokeWidth={8}
    />
    <path
      d="M 58.6295824563 23.3475241575 A 28.0000000000 28.0000000000 0 0 0 32.0000000000 4.0000000000"
      fill="none"
      onMouseLeave={[Function]}
      onMouseOver={[Function]}
      stroke="#38C18B"
      strokeLinecap="butt"
      strokeWidth={8}
    />
  </svg>
  <svg
    className="c1"
    height={128}
    viewBox="0 0 128 128"
    width={128}
  >
    <circle
      cx={64}
      cy={64}
      fill="none"
      r={60}
      stroke="#f6f6f8"
      strokeLinecap="square"
      strokeOpacity="0.4"
      strokeWidth={8}
    />
    <path
      d="M 121.0633909777 45.4589803375 A 60.0000000000 60.0000000000 0 0 0 64.0000000000 4.0000000000"
      fill="none"
      onMouseLeave={[Function]}
      onMouseOver={[Function]}
      stroke="#38C18B"
      strokeLinecap="butt"
      strokeWidth={8}
    />
  </svg>
  <svg
    className="c1"
    height={256}
    viewBox="0 0 256 256"
    width={256}
  >
    <circle
      cx={128}
      cy={128}
      fill="none"
      r={124}
      stroke="#f6f6f8"
      strokeLinecap="square"
      strokeOpacity="0.4"
      strokeWidth={8}
    />
    <path
      d="M 245.9310080206 89.6818926975 A 124.0000000000 124.0000000000 0 0 0 128.0000000000 4.0000000000"
      fill="none"
      onMouseLeave={[Function]}
      onMouseOver={[Function]}
      stroke="#38C18B"
      strokeLinecap="butt"
      strokeWidth={8}
    />
  </svg>
  <svg
    className="c1"
    height={512}
    viewBox="0 0 512 512"
    width={512}
  >
    <circle
      cx={256}
      cy={256}
      fill="none"
      r={252}
      stroke="#f6f6f8"
      strokeLinecap="square"
      strokeOpacity="0.4"
      strokeWidth={8}
    />
    <path
      d="M 495.6662421064 178.1277174175 A 252.0000000000 252.0000000000 0 0 0 256.0000000000 4.0000000000"
      fill="none"
      onMouseLeave={[Function]}
      onMouseOver={[Function]}
      stroke="#38C18B"
      strokeLinecap="butt"
      strokeWidth={8}
    />
  </svg>
  <svg
    className="c1"
    height={768}
    viewBox="0 0 768 768"
    width={768}
  >
    <circle
      cx={384}
      cy={384}
      fill="none"
      r={380}
      stroke="#f6f6f8"
      strokeLinecap="square"
      strokeOpacity="0.4"
      strokeWidth={8}
    />
    <path
      d="M 745.4014761922 266.5735421375 A 380.0000000000 380.0000000000 0 0 0 384.0000000000 4.0000000000"
      fill="none"
      onMouseLeave={[Function]}
      onMouseOver={[Function]}
      stroke="#38C18B"
      strokeLinecap="butt"
      strokeWidth={8}
    />
  </svg>
  <svg
    className="c1"
    height={55}
    viewBox="0 0 55 55"
    width={55}
  >
    <circle
      cx={27.5}
      cy={27.5}
      fill="none"
      r={23.5}
      stroke="#f6f6f8"
      strokeLinecap="square"
      strokeOpacity="0.4"
      strokeWidth={8}
    />
    <path
      d="M 49.8498281329 20.2381006322 A 23.5000000000 23.5000000000 0 0 0 27.5000000000 4.0000000000"
      fill="none"
      onMouseLeave={[Function]}
      onMouseOver={[Function]}
      stroke="#38C18B"
      strokeLinecap="butt"
      strokeWidth={8}
    />
  </svg>
  <svg
    className="c1"
    height={96}
    viewBox="0 0 96 96"
    width={96}
  >
    <circle
      cx={48}
      cy={48}
      fill="none"
      r={24}
      stroke="#F2F2F2"
      strokeLinecap="square"
      strokeOpacity="0.4"
      strokeWidth={48}
    />
    <path
      d="M 70.8253563911 40.5835921350 A 24.0000000000 24.0000000000 0 0 0 48.0000000000 24.0000000000"
      fill="none"
      onMouseLeave={[Function]}
      onMouseOver={[Function]}
      stroke="#6FFFB0"
      strokeLinecap="butt"
      strokeWidth={48}
    />
  </svg>
  <svg
    className="c1"
    height={192}
    viewBox="0 0 192 192"
    width={192}
  >
    <circle
      cx={96}
      cy={96}
      fill="none"
      r={48}
      stroke="#F2F2F2"
      strokeLinecap="square"
      strokeOpacity="0.4"
      strokeWidth={96}
    />
    <path
      d="M 141.6507127822 81.1671842700 A 48.0000000000 48.0000000000 0 0 0 96.0000000000 48.0000000000"
      fill="none"
      onMouseLeave={[Function]}
      onMouseOver={[Function]}
      stroke="#6FFFB0"
      strokeLinecap="butt"
      strokeWidth={96}
    />
  </svg>
  <svg
    className="c1"
    height={384}
    viewBox="0 0 384 384"
    width={384}
  >
    <circle
      cx={192}
      cy={192}
      fill="none"
      r={96}
      stroke="#F2F2F2"
      strokeLinecap="square"
      strokeOpacity="0.4"
      strokeWidth={192}
    />
    <path
      d="M 283.3014255643 162.3343685400 A 96.0000000000 96.0000000000 0 0 0 192.0000000000 96.0000000000"
      fill="none"
      onMouseLeave={[Function]}
      onMouseOver={[Function]}
      stroke="#6FFFB0"
      strokeLinecap="butt"
      strokeWidth={192}
    />
  </svg>
  <svg
    className="c1"
    height={768}
    viewBox="0 0 768 768"
    width={768}
  >
    <circle
      cx={384}
      cy={384}
      fill="none"
      r={192}
      stroke="#F2F2F2"
      strokeLinecap="square"
      strokeOpacity="0.4"
      strokeWidth={384}
    />
    <path
      d="M 566.6028511287 324.6687370800 A 192.0000000000 192.0000000000 0 0 0 384.0000000000 192.0000000000"
      fill="none"
      onMouseLeave={[Function]}
      onMouseOver={[Function]}
      stroke="#6FFFB0"
      strokeLinecap="butt"
      strokeWidth={384}
    />
  </svg>
  <svg
    className="c1"
    height={1152}
    viewBox="0 0 1152 1152"
    width={1152}
  >
    <circle
      cx={576}
      cy={576}
      fill="none"
      r={288}
      stroke="#F2F2F2"
      strokeLinecap="square"
      strokeOpacity="0.4"
      strokeWidth={576}
    />
    <path
      d="M 849.9042766930 487.0031056200 A 288.0000000000 288.0000000000 0 0 0 576.0000000000 288.0000000000"
      fill="none"
      onMouseLeave={[Function]}
      onMouseOver={[Function]}
      stroke="#6FFFB0"
      strokeLinecap="butt"
      strokeWidth={576}
    />
  </svg>
  <svg
    className="c1"
    height={55}
    viewBox="0 0 55 55"
    width={55}
  >
    <circle
      cx={27.5}
      cy={27.5}
      fill="none"
      r={13.75}
      stroke="#F2F2F2"
      strokeLinecap="square"
      strokeOpacity="0.4"
      strokeWidth={27.5}
    />
    <path
      d="M 40.5770270991 23.2510163273 A 13.7500000000 13.7500000000 0 0 0 27.5000000000 13.7500000000"
      fill="none"
      onMouseLeave={[Function]}
      onMouseOver={[Function]}
      stroke="#6FFFB0"
      strokeLinecap="butt"
      strokeWidth={27.5}
    />
  </svg>
</div>
`;

exports[`Meter thickness 1`] = `
.c0 {
  font-size: 12px;
  line-height: 16px;
  box-sizing: border-box;
  -webkit-text-size-adjust: 100%;
  -ms-text-size-adjust: 100%;
  -moz-osx-font-smoothing: grayscale;
  -webkit-font-smoothing: antialiased;
}

.c1 {
  max-width: 100%;
  overflow: hidden;
}

.c1 path {
  -webkit-transition: stroke 0.3s,stroke-width 0.3s;
  transition: stroke 0.3s,stroke-width 0.3s;
}

<div
  className="c0"
>
  <svg
    className="c1"
    height={2}
    preserveAspectRatio="none"
    viewBox="0 0 256 2"
    width={256}
  >
    <path
      d="M 0,1 L 256,1"
      fill="none"
      stroke="#f6f6f8"
      strokeLinecap="square"
      strokeOpacity="0.4"
      strokeWidth={2}
    />
    <path
      d="M 0,1 L 51.2,1"
      fill="none"
      onMouseLeave={[Function]}
      onMouseOver={[Function]}
      stroke="#38C18B"
      strokeLinecap="butt"
      strokeWidth={2}
    />
  </svg>
  <svg
    className="c1"
    height={4}
    preserveAspectRatio="none"
    viewBox="0 0 256 4"
    width={256}
  >
    <path
      d="M 0,2 L 256,2"
      fill="none"
      stroke="#f6f6f8"
      strokeLinecap="square"
      strokeOpacity="0.4"
      strokeWidth={4}
    />
    <path
      d="M 0,2 L 51.2,2"
      fill="none"
      onMouseLeave={[Function]}
      onMouseOver={[Function]}
      stroke="#38C18B"
      strokeLinecap="butt"
      strokeWidth={4}
    />
  </svg>
  <svg
    className="c1"
    height={8}
    preserveAspectRatio="none"
    viewBox="0 0 256 8"
    width={256}
  >
    <path
      d="M 0,4 L 256,4"
      fill="none"
      stroke="#f6f6f8"
      strokeLinecap="square"
      strokeOpacity="0.4"
      strokeWidth={8}
    />
    <path
      d="M 0,4 L 51.2,4"
      fill="none"
      onMouseLeave={[Function]}
      onMouseOver={[Function]}
      stroke="#38C18B"
      strokeLinecap="butt"
      strokeWidth={8}
    />
  </svg>
  <svg
    className="c1"
    height={16}
    preserveAspectRatio="none"
    viewBox="0 0 256 16"
    width={256}
  >
    <path
      d="M 0,8 L 256,8"
      fill="none"
      stroke="#f6f6f8"
      strokeLinecap="square"
      strokeOpacity="0.4"
      strokeWidth={16}
    />
    <path
      d="M 0,8 L 51.2,8"
      fill="none"
      onMouseLeave={[Function]}
      onMouseOver={[Function]}
      stroke="#38C18B"
      strokeLinecap="butt"
      strokeWidth={16}
    />
  </svg>
  <svg
    className="c1"
    height={16}
    preserveAspectRatio="none"
    viewBox="0 0 256 16"
    width={256}
  >
    <path
      d="M 0,8 L 256,8"
      fill="none"
      stroke="#f6f6f8"
      strokeLinecap="square"
      strokeOpacity="0.4"
      strokeWidth={16}
    />
    <path
      d="M 0,8 L 51.2,8"
      fill="none"
      onMouseLeave={[Function]}
      onMouseOver={[Function]}
      stroke="#38C18B"
      strokeLinecap="butt"
      strokeWidth={16}
    />
  </svg>
  <svg
    className="c1"
    height={55}
    preserveAspectRatio="none"
    viewBox="0 0 256 55"
    width={256}
  >
    <path
      d="M 0,27.5 L 256,27.5"
      fill="none"
      stroke="#f6f6f8"
      strokeLinecap="square"
      strokeOpacity="0.4"
      strokeWidth={55}
    />
    <path
      d="M 0,27.5 L 51.2,27.5"
      fill="none"
      onMouseLeave={[Function]}
      onMouseOver={[Function]}
      stroke="#38C18B"
      strokeLinecap="butt"
      strokeWidth={55}
    />
  </svg>
  <svg
    className="c1"
    height={256}
    viewBox="0 0 256 256"
    width={256}
  >
    <circle
      cx={128}
      cy={128}
      fill="none"
      r={127}
      stroke="#f6f6f8"
      strokeLinecap="square"
      strokeOpacity="0.4"
      strokeWidth={2}
    />
    <path
      d="M 248.7841775695 88.7548417144 A 127.0000000000 127.0000000000 0 0 0 128.0000000000 1.0000000000"
      fill="none"
      onMouseLeave={[Function]}
      onMouseOver={[Function]}
      stroke="#38C18B"
      strokeLinecap="butt"
      strokeWidth={2}
    />
  </svg>
  <svg
    className="c1"
    height={256}
    viewBox="0 0 256 256"
    width={256}
  >
    <circle
      cx={128}
      cy={128}
      fill="none"
      r={126}
      stroke="#f6f6f8"
      strokeLinecap="square"
      strokeOpacity="0.4"
      strokeWidth={4}
    />
    <path
      d="M 247.8331210532 89.0638587088 A 126.0000000000 126.0000000000 0 0 0 128.0000000000 2.0000000000"
      fill="none"
      onMouseLeave={[Function]}
      onMouseOver={[Function]}
      stroke="#38C18B"
      strokeLinecap="butt"
      strokeWidth={4}
    />
  </svg>
  <svg
    className="c1"
    height={256}
    viewBox="0 0 256 256"
    width={256}
  >
    <circle
      cx={128}
      cy={128}
      fill="none"
      r={124}
      stroke="#f6f6f8"
      strokeLinecap="square"
      strokeOpacity="0.4"
      strokeWidth={8}
    />
    <path
      d="M 245.9310080206 89.6818926975 A 124.0000000000 124.0000000000 0 0 0 128.0000000000 4.0000000000"
      fill="none"
      onMouseLeave={[Function]}
      onMouseOver={[Function]}
      stroke="#38C18B"
      strokeLinecap="butt"
      strokeWidth={8}
    />
  </svg>
  <svg
    className="c1"
    height={256}
    viewBox="0 0 256 256"
    width={256}
  >
    <circle
      cx={128}
      cy={128}
      fill="none"
      r={120}
      stroke="#f6f6f8"
      strokeLinecap="square"
      strokeOpacity="0.4"
      strokeWidth={16}
    />
    <path
      d="M 242.1267819554 90.9179606750 A 120.0000000000 120.0000000000 0 0 0 128.0000000000 8.0000000000"
      fill="none"
      onMouseLeave={[Function]}
      onMouseOver={[Function]}
      stroke="#38C18B"
      strokeLinecap="butt"
      strokeWidth={16}
    />
  </svg>
  <svg
    className="c1"
    height={256}
    viewBox="0 0 256 256"
    width={256}
  >
    <circle
      cx={128}
      cy={128}
      fill="none"
      r={120}
      stroke="#f6f6f8"
      strokeLinecap="square"
      strokeOpacity="0.4"
      strokeWidth={16}
    />
    <path
      d="M 242.1267819554 90.9179606750 A 120.0000000000 120.0000000000 0 0 0 128.0000000000 8.0000000000"
      fill="none"
      onMouseLeave={[Function]}
      onMouseOver={[Function]}
      stroke="#38C18B"
      strokeLinecap="butt"
      strokeWidth={16}
    />
  </svg>
  <svg
    className="c1"
    height={256}
    viewBox="0 0 256 256"
    width={256}
  >
    <circle
      cx={128}
      cy={128}
      fill="none"
      r={100.5}
      stroke="#f6f6f8"
      strokeLinecap="square"
      strokeOpacity="0.4"
      strokeWidth={55}
    />
    <path
      d="M 223.5811798877 96.9437920653 A 100.5000000000 100.5000000000 0 0 0 128.0000000000 27.5000000000"
      fill="none"
      onMouseLeave={[Function]}
      onMouseOver={[Function]}
      stroke="#38C18B"
      strokeLinecap="butt"
      strokeWidth={55}
    />
  </svg>
</div>
`;

exports[`Meter type 1`] = `
.c0 {
  font-size: 12px;
  line-height: 16px;
  box-sizing: border-box;
  -webkit-text-size-adjust: 100%;
  -ms-text-size-adjust: 100%;
  -moz-osx-font-smoothing: grayscale;
  -webkit-font-smoothing: antialiased;
}

.c1 {
  max-width: 100%;
  overflow: hidden;
}

.c1 path {
  -webkit-transition: stroke 0.3s,stroke-width 0.3s;
  transition: stroke 0.3s,stroke-width 0.3s;
}

<div
  className="c0"
>
  <svg
    className="c1"
    height={8}
    preserveAspectRatio="none"
    viewBox="0 0 256 8"
    width={256}
  >
    <path
      d="M 0,4 L 256,4"
      fill="none"
      stroke="#f6f6f8"
      strokeLinecap="square"
      strokeOpacity="0.4"
      strokeWidth={8}
    />
    <path
      d="M 0,4 L 51.2,4"
      fill="none"
      onMouseLeave={[Function]}
      onMouseOver={[Function]}
      stroke="#38C18B"
      strokeLinecap="butt"
      strokeWidth={8}
    />
  </svg>
  <svg
    className="c1"
    height={256}
    viewBox="0 0 256 256"
    width={256}
  >
    <circle
      cx={128}
      cy={128}
      fill="none"
      r={124}
      stroke="#f6f6f8"
      strokeLinecap="square"
      strokeOpacity="0.4"
      strokeWidth={8}
    />
    <path
      d="M 245.9310080206 89.6818926975 A 124.0000000000 124.0000000000 0 0 0 128.0000000000 4.0000000000"
      fill="none"
      onMouseLeave={[Function]}
      onMouseOver={[Function]}
      stroke="#38C18B"
      strokeLinecap="butt"
      strokeWidth={8}
    />
  </svg>
  <svg
    className="c1"
    height={384}
    viewBox="0 0 384 384"
    width={384}
  >
    <circle
      cx={192}
      cy={192}
      fill="none"
      r={96}
      stroke="#F2F2F2"
      strokeLinecap="square"
      strokeOpacity="0.4"
      strokeWidth={192}
    />
    <path
      d="M 283.3014255643 162.3343685400 A 96.0000000000 96.0000000000 0 0 0 192.0000000000 96.0000000000"
      fill="none"
      onMouseLeave={[Function]}
      onMouseOver={[Function]}
      stroke="#6FFFB0"
      strokeLinecap="butt"
      strokeWidth={192}
    />
  </svg>
</div>
`;

exports[`Meter vertical 1`] = `
.c0 {
  font-size: 18px;
  line-height: 24px;
  box-sizing: border-box;
  -webkit-text-size-adjust: 100%;
  -ms-text-size-adjust: 100%;
  -moz-osx-font-smoothing: grayscale;
  -webkit-font-smoothing: antialiased;
}

.c1 {
  max-width: 100%;
  overflow: hidden;
}

.c1 path {
  -webkit-transition: stroke 0.3s,stroke-width 0.3s;
  transition: stroke 0.3s,stroke-width 0.3s;
}

<div
  className="c0"
>
  <svg
    className="c1"
    height={384}
    preserveAspectRatio="none"
    viewBox="0 0 24 384"
    width={24}
  >
    <path
      d="M 12,0 L 12,384"
      fill="none"
      stroke="#F2F2F2"
      strokeLinecap="square"
      strokeOpacity="0.4"
      strokeWidth={24}
    />
    <path
      d="M 12,384 L 12,307.2"
      fill="none"
      onMouseLeave={[Function]}
      onMouseOver={[Function]}
      stroke="#6FFFB0"
      strokeLinecap="butt"
      strokeWidth={384}
    />
  </svg>
</div>
`;
